/0/0 string bar1
/0/1 string bar2
/1/0 string bar3
/1/1 string bar4
