/0/foo0 string bar0
/1/foo1 string bar1
/2/foo2 string bar2
