/foo/asdf string qwerty
/foo/hooah string HOOAH
/bar/asdf string qwerty
/bar/hooah string HOOAH
/baz/asdf string qwerty
/baz/hooah string HOOAH
