/foo/0 string bar
/foo/1 number 47
/asdf/qwerty number 47
/asdf/hooah number 47
